// Jest Snapshot v1, https://goo.gl/fbAQLP

exports[`Prepends the word "test" 1`] = `
<div>
  Hello test World
</div>
`;
